MAP
    DEBUG ON
    IMAGETYPE PNG
    EXTENT 10.7461 59.6185 10.8882 59.6864
    SIZE 400 400
    IMAGECOLOR 255 255 204
    PROJECTION
    "init=epsg:4326"
    END # Projection



    WEB
    IMAGEPATH "C:/Users/landsat4/Documents/GMGI300/Mapserver/tmp" # kor den legger bildene
    IMAGEURL "C:/Users/landsat4/Documents/GMGI300/Mapserver/tmp"
    TEMPLATE "C:/Users/landsat4/Documents/GMGI300/Mapserver/template.html"
    LOG "C:/Users/landsat4/Documents/GMGI300/Mapserver/tmp/mapserverlog.log"

        METADATA
          "wms_title" "Position of a track machine"
          "wms_onlineresource" "http://localhost/cgi-bin/mapserv.exe?map=C:/Users/landsat4/Documents/GMGI300/Mapserver/WMStjeneste.map&SERVICE=WMS"
          "wms_encoding" "UTF-8"
          "wms_enable_request" "*"
        END # Metadata
    END # Web



    # Start of symbol definition
    SYMBOL
        # Symbol name (referenced in STYLEs)
        NAME "circle"
        TYPE ellipse # Type of symbol
        # Start of the symbol geometry
        POINTS
        1 1
        END # end of POINTS
        # The symbol should be filled
        FILLED TRUE
        # Place the according to its center
        ANCHORPOINT 0.5 0.5
    END # end of SYMBOL

	
	    # Start of symbol definition
    SYMBOL
        # Symbol name (referenced in STYLEs)
        NAME "square"
        TYPE vector # Type of symbol
        # Start of the symbol geometry
        POINTS
        0 0
        0 1
        1 1
        1 0
        0 0
        END # end of POINTS
        # The symbol should be filled
        FILLED true
        # Place the according to its center
        ANCHORPOINT 0.5 0.5
    END # end of SYMBOL
	
	

	# Start of LAYER DEFINITIONS ---
    LAYER # Gamle loyper(over 5 dagar sidan)
        DEBUG ON
        NAME "Gamle loyper(over 5 dagar sidan)"
        CONNECTIONTYPE POSTGIS
        CONNECTION "host=localhost port=5432 dbname=gmgi300db user=postgres password=postgres"
        PROCESSING "CLOSE_CONNECTION=DEFER"
        DATA "punkt from (SELECT punkt, tid FROM loype WHERE tid < CURRENT_TIMESTAMP - INTERVAL '5 day') as gammal using unique tid using srid = 4326"
		#DATA "punkt from (SELECT punkt, tid FROM loype WHERE tid < CURRENT_TIMESTAMP - INTERVAL '5 day') as gammal using unique tid using srid = 4326"
		STATUS ON
        TYPE POINT
        OPACITY 100
        METADATA
        "wms_title" "Gamle loyper(over 5 dagar sidan)"
        #"wms_include_items" "*"
        "wms_srs" "EPSG:4326"
        END # Metadata
        PROJECTION
        "init=epsg:4326"
        END # Projection
        CLASS
            NAME "Gamle loyper(over 5 dagar sidan)"
            STYLE
                # Symbol to be used (reference)
                SYMBOL "circle" # Type of symbol
                SIZE 10
                # Colour (RGB)
                COLOR 255 0 0
				OUTLINECOLOR 0 0 0
            END # Style
        END # Class
    END # Layer States polygon


	
    # Start of LAYER DEFINITIONS ---
    LAYER # Preparerte loyper(inntil 5 dagar sidan)
        DEBUG ON
        NAME "Preparerte loyper(inntil 5 dagar sidan)"
        CONNECTIONTYPE POSTGIS
        CONNECTION "host=localhost port=5432 dbname=gmgi300db user=postgres password=postgres"
        PROCESSING "CLOSE_CONNECTION=DEFER"
        DATA "punkt from (SELECT punkt, tid FROM loype WHERE tid > date'2011-03-04' - INTERVAL '5 day' AND tid < CURRENT_TIMESTAMP - INTERVAL '1 day') as preparert using unique tid using srid = 4326"
		#DATA "punkt from (SELECT punkt, tid FROM loype WHERE tid > CURRENT_TIMESTAMP - INTERVAL '5 day' AND tid < CURRENT_TIMESTAMP - INTERVAL '1 day') as preparert using unique tid using srid = 4326"
		STATUS ON
        TYPE POINT
        OPACITY 100
        METADATA
        "wms_title" "Preparerte loyper(inntil 5 dagar sidan)"
        #"wms_include_items" "*"
        "wms_srs" "EPSG:4326"
        END # Metadata
        PROJECTION
        "init=epsg:4326"
        END # Projection
        CLASS
            NAME "Preparerte loyper(inntil 5 dagar sidan)"
            STYLE
                # Symbol to be used (reference)
                SYMBOL "circle" # Type of symbol
                SIZE 10
                # Colour (RGB)
                COLOR 255 255 45
				OUTLINECOLOR 0 0 0
            END # Style
        END # Class
    END # Layer States polygon

	
    	
	# Start of LAYER DEFINITIONS ---
    LAYER # Nypreparert (inntil 1 dag sidan)
        DEBUG ON
        NAME "Nypreparert (inntil 1 dag sidan)"
        CONNECTIONTYPE POSTGIS
        CONNECTION "host=localhost port=5432 dbname=gmgi300db user=postgres password=postgres"
        PROCESSING "CLOSE_CONNECTION=DEFER"
        DATA "punkt from (SELECT punkt, tid FROM loype WHERE tid > date'2011-03-04' - INTERVAL '1 day') as nypreparert using unique tid using srid = 4326"
		#DATA "punkt from (SELECT punkt, tid FROM loype WHERE tid > CURRENT_TIMESTAMP - INTERVAL '1 day') as nypreparert using unique tid using srid = 4326"
		STATUS ON
        TYPE POINT
        OPACITY 100
        METADATA
        "wms_title" "Nypreparert (inntil 1 dag sidan)"
        #"wms_include_items" "*"
        "wms_srs" "EPSG:4326"
        END # Metadata
        PROJECTION
        "init=epsg:4326"
        END # Projection
        CLASS
            NAME "Nypreparert (inntil 1 dag sidan)"
            STYLE
                # Symbol to be used (reference)
                SYMBOL "circle" # Type of symbol
                SIZE 10
                # Colour (RGB)
                COLOR 0 255 0
				OUTLINECOLOR 0 0 0
            END # Style
        END # Class
    END # Layer States polygon
	
	
	
	    # Start of LAYER DEFINITIONS ---
    LAYER # simulering
        DEBUG ON
        NAME "simulering"
        CONNECTIONTYPE POSTGIS
        CONNECTION "host=localhost port=5432 dbname=gmgi300db user=postgres password=postgres"
        PROCESSING "CLOSE_CONNECTION=DEFER"
        DATA "punkt from simulering"
        STATUS ON
        TYPE POINT
        OPACITY 100
        METADATA
        "wms_title" "simulering"
        #"wms_include_items" "*"
        "wms_srs" "EPSG:4326"
        END # Metadata
        PROJECTION
        "init=epsg:4326"
        END # Projection
        CLASS
        NAME "Simulation of track machine"
            STYLE
                # Symbol to be used (reference)
                SYMBOL "square" # Type of symbol
                SIZE 10
                # Colour (RGB)
                COLOR 250 250 250
                OUTLINECOLOR 0 0 0
            END # Style
        END # Class
    END # Layer States polygon
END # Map