MAP
	DEBUG ON
	IMAGETYPE PNG
	EXTENT 10.7461 59.6185 10.8882 59.6864
	SIZE 400 400
	IMAGECOLOR 255 255 204
	PROJECTION
	"init=epsg:4326"
	END # Projection
	
	WEB
	IMAGEPATH "C:\Users\landsat4\Documents\Mapserver\oppgave3_3mapserver\temp" # kor den legger bildene
      IMAGEURL "C:\Users\landsat4\Documents\Mapserver\oppgave3_3mapserver\temp"
      TEMPLATE "C:\Users\landsat4\Documents\Mapserver\oppgave3_3mapserver\template.html"
      LOG "C:\Users\landsat4\Documents\Mapserver\oppgave3_3mapserver\tempmapserver.log"
	
	METADATA
	"wms_title" "Loypepunkt"
	"wms_enable_request" "*"
	"wms_onlineresource"
	"http://localhost/cgi-bin/mapserv.exe?map=C:\Users\landsat4\Documents\Mapserver\oppgave3_3mapserver\wmstjeneste2.map&SERVICE=WMS"
	"wms_encoding" "UTF-8"
	"wms_enable_request" "*"
	END # Metadata
	END # Web
	
	# Start of LAYER DEFINITIONS ---
	LAYER # States polygon layer
		DEBUG ON
		NAME fylker
		CONNECTIONTYPE POSTGIS
        CONNECTION "host=localhost port=5432 dbname=gmgi300db user=postgres password=postgres"
		PROCESSING "CLOSE_CONNECTION=DEFER"
        DATA "punkt from loype"
		STATUS DEFAULT
		TYPE POINT
		OPACITY 50
		METADATA
		"wms_title" "Punkter"
		#"wms_include_items" "*"
		"wms_srs" "EPSG:4326"
		END # Metadata
		PROJECTION
		"init=epsg:4326"
		END # Projection
		CLASS
		NAME "Fylkene"
		STYLE
			COLOR 255 200 0
            OUTLINECOLOR 150 200 60
            SYMBOL "dot.png"
            SIZE 40
		END # Style
		END # Class
	END # Layer States polygon
END # Map